// Jest Snapshot v1, https://goo.gl/fbAQLP

exports[`should render ExpenseListItem with an expense object 1`] = `
ShallowWrapper {
  Symbol(enzyme.__root__): [Circular],
  Symbol(enzyme.__unrendered__): <ExpenseListItem
    amount={195}
    createdAt={0}
    description="Gum"
    id="1"
    note=""
  />,
  Symbol(enzyme.__renderer__): Object {
    "batchedUpdates": [Function],
    "getNode": [Function],
    "render": [Function],
    "simulateEvent": [Function],
    "unmount": [Function],
  },
  Symbol(enzyme.__node__): Object {
    "instance": null,
    "key": undefined,
    "nodeType": "host",
    "props": Object {
      "children": Array [
        <Link
          replace={false}
          to="/edit/1"
        >
          <p>
            description: 
            Gum
          </p>
        </Link>,
        <p>
          amount: 
          $195.00
        </p>,
        <p>
          createdAt: 
          1970-01-01
        </p>,
      ],
    },
    "ref": null,
    "rendered": Array [
      Object {
        "instance": null,
        "key": undefined,
        "nodeType": "class",
        "props": Object {
          "children": <p>
            description: 
            Gum
          </p>,
          "replace": false,
          "to": "/edit/1",
        },
        "ref": null,
        "rendered": Object {
          "instance": null,
          "key": undefined,
          "nodeType": "host",
          "props": Object {
            "children": Array [
              "description: ",
              "Gum",
            ],
          },
          "ref": null,
          "rendered": Array [
            "description: ",
            "Gum",
          ],
          "type": "p",
        },
        "type": [Function],
      },
      Object {
        "instance": null,
        "key": undefined,
        "nodeType": "host",
        "props": Object {
          "children": Array [
            "amount: ",
            "$195.00",
          ],
        },
        "ref": null,
        "rendered": Array [
          "amount: ",
          "$195.00",
        ],
        "type": "p",
      },
      Object {
        "instance": null,
        "key": undefined,
        "nodeType": "host",
        "props": Object {
          "children": Array [
            "createdAt: ",
            "1970-01-01",
          ],
        },
        "ref": null,
        "rendered": Array [
          "createdAt: ",
          "1970-01-01",
        ],
        "type": "p",
      },
    ],
    "type": "div",
  },
  Symbol(enzyme.__nodes__): Array [
    Object {
      "instance": null,
      "key": undefined,
      "nodeType": "host",
      "props": Object {
        "children": Array [
          <Link
            replace={false}
            to="/edit/1"
          >
            <p>
              description: 
              Gum
            </p>
          </Link>,
          <p>
            amount: 
            $195.00
          </p>,
          <p>
            createdAt: 
            1970-01-01
          </p>,
        ],
      },
      "ref": null,
      "rendered": Array [
        Object {
          "instance": null,
          "key": undefined,
          "nodeType": "class",
          "props": Object {
            "children": <p>
              description: 
              Gum
            </p>,
            "replace": false,
            "to": "/edit/1",
          },
          "ref": null,
          "rendered": Object {
            "instance": null,
            "key": undefined,
            "nodeType": "host",
            "props": Object {
              "children": Array [
                "description: ",
                "Gum",
              ],
            },
            "ref": null,
            "rendered": Array [
              "description: ",
              "Gum",
            ],
            "type": "p",
          },
          "type": [Function],
        },
        Object {
          "instance": null,
          "key": undefined,
          "nodeType": "host",
          "props": Object {
            "children": Array [
              "amount: ",
              "$195.00",
            ],
          },
          "ref": null,
          "rendered": Array [
            "amount: ",
            "$195.00",
          ],
          "type": "p",
        },
        Object {
          "instance": null,
          "key": undefined,
          "nodeType": "host",
          "props": Object {
            "children": Array [
              "createdAt: ",
              "1970-01-01",
            ],
          },
          "ref": null,
          "rendered": Array [
            "createdAt: ",
            "1970-01-01",
          ],
          "type": "p",
        },
      ],
      "type": "div",
    },
  ],
  Symbol(enzyme.__options__): Object {
    "adapter": ReactSixteenAdapter {
      "options": Object {
        "enableComponentDidUpdateOnSetState": true,
        "lifecycles": Object {
          "componentDidUpdate": Object {
            "onSetState": true,
          },
          "getDerivedStateFromProps": true,
          "getSnapshotBeforeUpdate": true,
          "setState": Object {
            "skipsComponentDidUpdateOnNullish": true,
          },
        },
      },
    },
    "attachTo": undefined,
    "hydrateIn": undefined,
  },
}
`;
