// Jest Snapshot v1, https://goo.gl/fbAQLP

exports[`should render Header correctly 1`] = `
ShallowWrapper {
  Symbol(enzyme.__root__): [Circular],
  Symbol(enzyme.__unrendered__): <Header />,
  Symbol(enzyme.__renderer__): Object {
    "batchedUpdates": [Function],
    "getNode": [Function],
    "render": [Function],
    "simulateEvent": [Function],
    "unmount": [Function],
  },
  Symbol(enzyme.__node__): Object {
    "instance": null,
    "key": undefined,
    "nodeType": "host",
    "props": Object {
      "children": Array [
        <h1>
          Expensify
        </h1>,
        <NavLink
          activeClassName="is-active"
          aria-current="page"
          exact={true}
          to="/"
        >
           Home 
        </NavLink>,
        <NavLink
          activeClassName="is-active"
          aria-current="page"
          to="/create"
        >
           Create 
        </NavLink>,
        <NavLink
          activeClassName="is-active"
          aria-current="page"
          to="/edit"
        >
           Edit 
        </NavLink>,
        <NavLink
          activeClassName="is-active"
          aria-current="page"
          to="/help"
        >
           Help 
        </NavLink>,
      ],
    },
    "ref": null,
    "rendered": Array [
      Object {
        "instance": null,
        "key": undefined,
        "nodeType": "host",
        "props": Object {
          "children": "Expensify",
        },
        "ref": null,
        "rendered": "Expensify",
        "type": "h1",
      },
      Object {
        "instance": null,
        "key": undefined,
        "nodeType": "function",
        "props": Object {
          "activeClassName": "is-active",
          "aria-current": "page",
          "children": " Home ",
          "exact": true,
          "to": "/",
        },
        "ref": null,
        "rendered": " Home ",
        "type": [Function],
      },
      Object {
        "instance": null,
        "key": undefined,
        "nodeType": "function",
        "props": Object {
          "activeClassName": "is-active",
          "aria-current": "page",
          "children": " Create ",
          "to": "/create",
        },
        "ref": null,
        "rendered": " Create ",
        "type": [Function],
      },
      Object {
        "instance": null,
        "key": undefined,
        "nodeType": "function",
        "props": Object {
          "activeClassName": "is-active",
          "aria-current": "page",
          "children": " Edit ",
          "to": "/edit",
        },
        "ref": null,
        "rendered": " Edit ",
        "type": [Function],
      },
      Object {
        "instance": null,
        "key": undefined,
        "nodeType": "function",
        "props": Object {
          "activeClassName": "is-active",
          "aria-current": "page",
          "children": " Help ",
          "to": "/help",
        },
        "ref": null,
        "rendered": " Help ",
        "type": [Function],
      },
    ],
    "type": "header",
  },
  Symbol(enzyme.__nodes__): Array [
    Object {
      "instance": null,
      "key": undefined,
      "nodeType": "host",
      "props": Object {
        "children": Array [
          <h1>
            Expensify
          </h1>,
          <NavLink
            activeClassName="is-active"
            aria-current="page"
            exact={true}
            to="/"
          >
             Home 
          </NavLink>,
          <NavLink
            activeClassName="is-active"
            aria-current="page"
            to="/create"
          >
             Create 
          </NavLink>,
          <NavLink
            activeClassName="is-active"
            aria-current="page"
            to="/edit"
          >
             Edit 
          </NavLink>,
          <NavLink
            activeClassName="is-active"
            aria-current="page"
            to="/help"
          >
             Help 
          </NavLink>,
        ],
      },
      "ref": null,
      "rendered": Array [
        Object {
          "instance": null,
          "key": undefined,
          "nodeType": "host",
          "props": Object {
            "children": "Expensify",
          },
          "ref": null,
          "rendered": "Expensify",
          "type": "h1",
        },
        Object {
          "instance": null,
          "key": undefined,
          "nodeType": "function",
          "props": Object {
            "activeClassName": "is-active",
            "aria-current": "page",
            "children": " Home ",
            "exact": true,
            "to": "/",
          },
          "ref": null,
          "rendered": " Home ",
          "type": [Function],
        },
        Object {
          "instance": null,
          "key": undefined,
          "nodeType": "function",
          "props": Object {
            "activeClassName": "is-active",
            "aria-current": "page",
            "children": " Create ",
            "to": "/create",
          },
          "ref": null,
          "rendered": " Create ",
          "type": [Function],
        },
        Object {
          "instance": null,
          "key": undefined,
          "nodeType": "function",
          "props": Object {
            "activeClassName": "is-active",
            "aria-current": "page",
            "children": " Edit ",
            "to": "/edit",
          },
          "ref": null,
          "rendered": " Edit ",
          "type": [Function],
        },
        Object {
          "instance": null,
          "key": undefined,
          "nodeType": "function",
          "props": Object {
            "activeClassName": "is-active",
            "aria-current": "page",
            "children": " Help ",
            "to": "/help",
          },
          "ref": null,
          "rendered": " Help ",
          "type": [Function],
        },
      ],
      "type": "header",
    },
  ],
  Symbol(enzyme.__options__): Object {
    "adapter": ReactSixteenAdapter {
      "options": Object {
        "enableComponentDidUpdateOnSetState": true,
        "lifecycles": Object {
          "componentDidUpdate": Object {
            "onSetState": true,
          },
          "getDerivedStateFromProps": true,
          "getSnapshotBeforeUpdate": true,
          "setState": Object {
            "skipsComponentDidUpdateOnNullish": true,
          },
        },
      },
    },
    "attachTo": undefined,
    "hydrateIn": undefined,
  },
}
`;
