// Jest Snapshot v1, https://goo.gl/fbAQLP

exports[`should render LogInPage correctly 1`] = `
ShallowWrapper {
  Symbol(enzyme.__root__): [Circular],
  Symbol(enzyme.__unrendered__): <LogInPage
    startLogIn={[MockFunction]}
  />,
  Symbol(enzyme.__renderer__): Object {
    "batchedUpdates": [Function],
    "getNode": [Function],
    "render": [Function],
    "simulateEvent": [Function],
    "unmount": [Function],
  },
  Symbol(enzyme.__node__): Object {
    "instance": null,
    "key": undefined,
    "nodeType": "host",
    "props": Object {
      "children": <div
        className="box-layout__box"
      >
        <h1
          className="box-layout__title"
        >
          Expensify
        </h1>
        <p>
          It's time to get your expenses under control.
        </p>
        <button
          className="button"
          onClick={[MockFunction]}
        >
          Login with Google
        </button>
      </div>,
      "className": "box-layout",
    },
    "ref": null,
    "rendered": Object {
      "instance": null,
      "key": undefined,
      "nodeType": "host",
      "props": Object {
        "children": Array [
          <h1
            className="box-layout__title"
          >
            Expensify
          </h1>,
          <p>
            It's time to get your expenses under control.
          </p>,
          <button
            className="button"
            onClick={[MockFunction]}
          >
            Login with Google
          </button>,
        ],
        "className": "box-layout__box",
      },
      "ref": null,
      "rendered": Array [
        Object {
          "instance": null,
          "key": undefined,
          "nodeType": "host",
          "props": Object {
            "children": "Expensify",
            "className": "box-layout__title",
          },
          "ref": null,
          "rendered": "Expensify",
          "type": "h1",
        },
        Object {
          "instance": null,
          "key": undefined,
          "nodeType": "host",
          "props": Object {
            "children": "It's time to get your expenses under control.",
          },
          "ref": null,
          "rendered": "It's time to get your expenses under control.",
          "type": "p",
        },
        Object {
          "instance": null,
          "key": undefined,
          "nodeType": "host",
          "props": Object {
            "children": "Login with Google",
            "className": "button",
            "onClick": [MockFunction],
          },
          "ref": null,
          "rendered": "Login with Google",
          "type": "button",
        },
      ],
      "type": "div",
    },
    "type": "div",
  },
  Symbol(enzyme.__nodes__): Array [
    Object {
      "instance": null,
      "key": undefined,
      "nodeType": "host",
      "props": Object {
        "children": <div
          className="box-layout__box"
        >
          <h1
            className="box-layout__title"
          >
            Expensify
          </h1>
          <p>
            It's time to get your expenses under control.
          </p>
          <button
            className="button"
            onClick={[MockFunction]}
          >
            Login with Google
          </button>
        </div>,
        "className": "box-layout",
      },
      "ref": null,
      "rendered": Object {
        "instance": null,
        "key": undefined,
        "nodeType": "host",
        "props": Object {
          "children": Array [
            <h1
              className="box-layout__title"
            >
              Expensify
            </h1>,
            <p>
              It's time to get your expenses under control.
            </p>,
            <button
              className="button"
              onClick={[MockFunction]}
            >
              Login with Google
            </button>,
          ],
          "className": "box-layout__box",
        },
        "ref": null,
        "rendered": Array [
          Object {
            "instance": null,
            "key": undefined,
            "nodeType": "host",
            "props": Object {
              "children": "Expensify",
              "className": "box-layout__title",
            },
            "ref": null,
            "rendered": "Expensify",
            "type": "h1",
          },
          Object {
            "instance": null,
            "key": undefined,
            "nodeType": "host",
            "props": Object {
              "children": "It's time to get your expenses under control.",
            },
            "ref": null,
            "rendered": "It's time to get your expenses under control.",
            "type": "p",
          },
          Object {
            "instance": null,
            "key": undefined,
            "nodeType": "host",
            "props": Object {
              "children": "Login with Google",
              "className": "button",
              "onClick": [MockFunction],
            },
            "ref": null,
            "rendered": "Login with Google",
            "type": "button",
          },
        ],
        "type": "div",
      },
      "type": "div",
    },
  ],
  Symbol(enzyme.__options__): Object {
    "adapter": ReactSixteenAdapter {
      "options": Object {
        "enableComponentDidUpdateOnSetState": true,
        "lifecycles": Object {
          "componentDidUpdate": Object {
            "onSetState": true,
          },
          "getDerivedStateFromProps": true,
          "getSnapshotBeforeUpdate": true,
          "setState": Object {
            "skipsComponentDidUpdateOnNullish": true,
          },
        },
      },
    },
    "attachTo": undefined,
    "hydrateIn": undefined,
  },
}
`;
